command: rg -n 'blue_brain_audit_baseline_2026-05-12_head_cf54660512|cf54660512118d5071585d85572a5a0d9e72fe81|finale_maintenance_convergence' docs/README.md docs/blue_brain_audit_baseline_map_v1.md docs/blue_brain_authority_chain_status_map.md docs/blue_brain_maintenance_discoverability_map_v1.md docs/blue_brain_finale_maintenance_convergence_evidence_sync_2026_05_12.md
docs/blue_brain_finale_maintenance_convergence_evidence_sync_2026_05_12.md:5:Audit target HEAD: `cf54660512118d5071585d85572a5a0d9e72fe81`.
docs/blue_brain_finale_maintenance_convergence_evidence_sync_2026_05_12.md:9:Der Refresh ist auf den aktuellen Repo-HEAD `cf54660512118d5071585d85572a5a0d9e72fe81` gebunden. Zielzustand dieses Passes ist eine maintenance-facing Arbeitsbasis mit frischer Evidence, synchronisierten Root-Reports, einem HEAD-qualifizierten Baseline-Ordner und klarer Trennung zwischen current authority, supporting reference und historical snapshot.
docs/blue_brain_finale_maintenance_convergence_evidence_sync_2026_05_12.md:26:Die run-spezifischen Baseline-Varianten der Docs-/Readiness-Reports wurden unter `out/blue_brain_audit_baseline_2026-05-12_head_cf54660512/` abgelegt.
docs/blue_brain_finale_maintenance_convergence_evidence_sync_2026_05_12.md:32:- Baseline folder: `out/blue_brain_audit_baseline_2026-05-12_head_cf54660512/`
docs/blue_brain_finale_maintenance_convergence_evidence_sync_2026_05_12.md:33:- HEAD: `cf54660512118d5071585d85572a5a0d9e72fe81`
docs/blue_brain_finale_maintenance_convergence_evidence_sync_2026_05_12.md:37:Die beiden Gate-Reports (`out/gate_report.json` und `out/blue_brain_audit_baseline_2026-05-12_head_cf54660512/gate_report.json`) tragen `code_version_tag = cf54660512118d5071585d85572a5a0d9e72fe81` und `PASS`.
docs/blue_brain_finale_maintenance_convergence_evidence_sync_2026_05_12.md:48:- `out/blue_brain_audit_baseline_2026-05-12_head_cf54660512/head_status.log`
docs/blue_brain_finale_maintenance_convergence_evidence_sync_2026_05_12.md:49:- `out/blue_brain_audit_baseline_2026-05-12_head_cf54660512/cargo_test_workspace.log`
docs/blue_brain_finale_maintenance_convergence_evidence_sync_2026_05_12.md:50:- `out/blue_brain_audit_baseline_2026-05-12_head_cf54660512/docs_lint.log`
docs/blue_brain_finale_maintenance_convergence_evidence_sync_2026_05_12.md:51:- `out/blue_brain_audit_baseline_2026-05-12_head_cf54660512/docs_lint_report.json`
docs/blue_brain_finale_maintenance_convergence_evidence_sync_2026_05_12.md:52:- `out/blue_brain_audit_baseline_2026-05-12_head_cf54660512/docs_lint_root.log`
docs/blue_brain_finale_maintenance_convergence_evidence_sync_2026_05_12.md:53:- `out/blue_brain_audit_baseline_2026-05-12_head_cf54660512/readiness_gate.log`
docs/blue_brain_finale_maintenance_convergence_evidence_sync_2026_05_12.md:54:- `out/blue_brain_audit_baseline_2026-05-12_head_cf54660512/readiness_gate_root.log`
docs/blue_brain_finale_maintenance_convergence_evidence_sync_2026_05_12.md:55:- `out/blue_brain_audit_baseline_2026-05-12_head_cf54660512/gate_report.json`
docs/blue_brain_finale_maintenance_convergence_evidence_sync_2026_05_12.md:56:- `out/blue_brain_audit_baseline_2026-05-12_head_cf54660512/cargo_fmt_check.log`
docs/blue_brain_finale_maintenance_convergence_evidence_sync_2026_05_12.md:57:- `out/blue_brain_audit_baseline_2026-05-12_head_cf54660512/cargo_clippy_workspace.log`
docs/blue_brain_finale_maintenance_convergence_evidence_sync_2026_05_12.md:58:- `out/blue_brain_audit_baseline_2026-05-12_head_cf54660512/consistency_checks.log`
docs/blue_brain_finale_maintenance_convergence_evidence_sync_2026_05_12.md:59:- `out/blue_brain_audit_baseline_2026-05-12_head_cf54660512/audit_anchor_summary.md`
docs/blue_brain_finale_maintenance_convergence_evidence_sync_2026_05_12.md:71:Historische Baselines bleiben erhalten, sind aber nur Vergleichs- und Auditspuren. Insbesondere `out/blue_brain_audit_baseline_2026-05-10_head_e68d6940fb/` ist der vorherige HEAD-qualifizierte Anchor und nicht mehr current Evidence für HEAD `cf54660512118d5071585d85572a5a0d9e72fe81`.
docs/blue_brain_finale_maintenance_convergence_evidence_sync_2026_05_12.md:79:- current evidence pointer auf `out/blue_brain_audit_baseline_2026-05-12_head_cf54660512/` gehoben;
docs/blue_brain_finale_maintenance_convergence_evidence_sync_2026_05_12.md:89:- `docs/blue_brain_finale_maintenance_convergence_evidence_sync_2026_05_12.md`
docs/blue_brain_finale_maintenance_convergence_evidence_sync_2026_05_12.md:96:- `out/blue_brain_audit_baseline_2026-05-12_head_cf54660512/`
docs/blue_brain_finale_maintenance_convergence_evidence_sync_2026_05_12.md:101:- `cargo run -p ucf-ops -- docs lint --strict --out ./out/blue_brain_audit_baseline_2026-05-12_head_cf54660512/docs_lint_report.json`
docs/blue_brain_finale_maintenance_convergence_evidence_sync_2026_05_12.md:102:- `cargo run -p ucf-ops -- readiness-gate --profile test --out ./out/blue_brain_audit_baseline_2026-05-12_head_cf54660512/gate_report.json`
docs/blue_brain_finale_maintenance_convergence_evidence_sync_2026_05_12.md:108:Aktueller Evidence-Anchor: `out/blue_brain_audit_baseline_2026-05-12_head_cf54660512/` on HEAD `cf54660512118d5071585d85572a5a0d9e72fe81`.
docs/blue_brain_authority_chain_status_map.md:79:- `docs/blue_brain_finale_maintenance_convergence_evidence_sync_2026_05_12.md`
docs/README.md:19:- `docs/blue_brain_finale_maintenance_convergence_evidence_sync_2026_05_12.md` (current HEAD evidence/maintenance convergence closure; supporting evidence only)
docs/README.md:208:- `docs/blue_brain_finale_maintenance_convergence_evidence_sync_2026_05_12.md`
docs/README.md:213:Der maßgebliche finale Baseline-Lauf referenziert den explizit festgezogenen Audit-Target-HEAD `cf54660512118d5071585d85572a5a0d9e72fe81` und ist als **clean maintenance-ready baseline** eingestuft. Diese Einstufung ist commit-gebunden: spätere Commits/Merges sind nicht automatisch Teil derselben Baseline und benötigen bewusst einen neuen Refresh, entwerten aber den abgeschlossenen Status dieses Ankers nicht nachträglich. Die aktuellen versionierten Reports liegen unter:
docs/README.md:215:- `out/blue_brain_audit_baseline_2026-05-12_head_cf54660512/head_status.log`
docs/README.md:216:- `out/blue_brain_audit_baseline_2026-05-12_head_cf54660512/cargo_test_workspace.log`
docs/README.md:217:- `out/blue_brain_audit_baseline_2026-05-12_head_cf54660512/docs_lint.log`
docs/README.md:218:- `out/blue_brain_audit_baseline_2026-05-12_head_cf54660512/docs_lint_report.json`
docs/README.md:219:- `out/blue_brain_audit_baseline_2026-05-12_head_cf54660512/docs_lint_root.log`
docs/README.md:220:- `out/blue_brain_audit_baseline_2026-05-12_head_cf54660512/readiness_gate.log`
docs/README.md:221:- `out/blue_brain_audit_baseline_2026-05-12_head_cf54660512/readiness_gate_root.log`
docs/README.md:222:- `out/blue_brain_audit_baseline_2026-05-12_head_cf54660512/gate_report.json`
docs/README.md:223:- `out/blue_brain_audit_baseline_2026-05-12_head_cf54660512/cargo_fmt_check.log`
docs/README.md:224:- `out/blue_brain_audit_baseline_2026-05-12_head_cf54660512/cargo_clippy_workspace.log`
docs/README.md:225:- `out/blue_brain_audit_baseline_2026-05-12_head_cf54660512/consistency_checks.log`
docs/README.md:226:- `out/blue_brain_audit_baseline_2026-05-12_head_cf54660512/audit_anchor_summary.md`
docs/README.md:231:- `cargo run -p ucf-ops -- docs lint --strict --out ./out/blue_brain_audit_baseline_2026-05-12_head_cf54660512/docs_lint_report.json`
docs/README.md:232:- `cargo run -p ucf-ops -- readiness-gate --profile test --out ./out/blue_brain_audit_baseline_2026-05-12_head_cf54660512/gate_report.json`
docs/README.md:238:Die aktuelle Root-Evidence für den current finale maintenance-convergence refresh liegt zusätzlich unter `out/docs_lint_report.json` und `out/gate_report.json`; beide aktuellen Gate-Reports tragen `code_version_tag = cf54660512118d5071585d85572a5a0d9e72fe81`. Die fmt-Evidence unter `out/blue_brain_audit_baseline_2026-05-12_head_cf54660512/cargo_fmt_check.log` enthält Command, HEAD und einen expliziten PASS/OK-Marker. Die frühere `workspace.features`-Cargo-Warnung tritt im frischen Lauf nicht mehr auf und bleibt nur in historischen 2026-05-02-Logs sichtbar.
docs/README.md:242:Für operative Regionen-/Relations-/Modellaussagen gilt weiterhin ausschließlich die post-BR6 Authority-Linie aus Abschnitt 0/2.1; die HEAD-qualifizierte 2026-05-12-Baseline `out/blue_brain_audit_baseline_2026-05-12_head_cf54660512/` ist aktuelle Evidence, keine neue operative Wahrheit und kein Ausbauhebel.
docs/blue_brain_audit_baseline_map_v1.md:5:Ziel dieser Referenz ist eine **kanonische, reproduzierbare Audit-Baseline** für den aktuellen Blue-Brain-Stand nach BR6, IR1, MD2, MD3, SC1 und HH-preparation closure, ohne neue Feature-Arbeit. Maßgeblicher HEAD für diesen Refresh ist `cf54660512118d5071585d85572a5a0d9e72fe81`. Alle neu erzeugten Reports, Logs und Baseline-Referenzen in diesem Refresh gelten genau für diesen Commit; spätere Commits/Merges brauchen einen neuen, expliziten Evidence-Refresh und invalidieren den erreichten Abschlusszustand dieses Audit-Ankers nicht automatisch.
docs/blue_brain_audit_baseline_map_v1.md:7:Maintenance-facing update: `out/docs_lint_report.json` and `out/gate_report.json` are refreshed as current root check evidence for this HEAD. Those root reports are run evidence, not operative authority; this baseline map remains the classifier for the recorded `cf54660512118d5071585d85572a5a0d9e72fe81` audit anchor until a new HEAD-qualified baseline folder is deliberately produced.
docs/blue_brain_audit_baseline_map_v1.md:26:  - Reports liegen unter `out/blue_brain_audit_baseline_2026-05-12_head_cf54660512/` und referenzieren HEAD `cf54660512118d5071585d85572a5a0d9e72fe81`.
docs/blue_brain_audit_baseline_map_v1.md:32:  - Versionierte Baseline-Reports unter `out/blue_brain_audit_baseline_2026-05-12_head_cf54660512/`.
docs/blue_brain_audit_baseline_map_v1.md:54:2. `cargo run -p ucf-ops -- docs lint --strict --out ./out/blue_brain_audit_baseline_2026-05-12_head_cf54660512/docs_lint_report.json`
docs/blue_brain_audit_baseline_map_v1.md:55:3. `cargo run -p ucf-ops -- readiness-gate --profile test --out ./out/blue_brain_audit_baseline_2026-05-12_head_cf54660512/gate_report.json`
docs/blue_brain_audit_baseline_map_v1.md:68:- `out/blue_brain_audit_baseline_2026-05-12_head_cf54660512/head_status.log`
docs/blue_brain_audit_baseline_map_v1.md:69:- `out/blue_brain_audit_baseline_2026-05-12_head_cf54660512/cargo_test_workspace.log`
docs/blue_brain_audit_baseline_map_v1.md:70:- `out/blue_brain_audit_baseline_2026-05-12_head_cf54660512/docs_lint.log`
docs/blue_brain_audit_baseline_map_v1.md:71:- `out/blue_brain_audit_baseline_2026-05-12_head_cf54660512/docs_lint_report.json`
docs/blue_brain_audit_baseline_map_v1.md:72:- `out/blue_brain_audit_baseline_2026-05-12_head_cf54660512/docs_lint_root.log`
docs/blue_brain_audit_baseline_map_v1.md:73:- `out/blue_brain_audit_baseline_2026-05-12_head_cf54660512/readiness_gate.log`
docs/blue_brain_audit_baseline_map_v1.md:74:- `out/blue_brain_audit_baseline_2026-05-12_head_cf54660512/readiness_gate_root.log`
docs/blue_brain_audit_baseline_map_v1.md:75:- `out/blue_brain_audit_baseline_2026-05-12_head_cf54660512/gate_report.json`
docs/blue_brain_audit_baseline_map_v1.md:76:- `out/blue_brain_audit_baseline_2026-05-12_head_cf54660512/cargo_fmt_check.log`
docs/blue_brain_audit_baseline_map_v1.md:77:- `out/blue_brain_audit_baseline_2026-05-12_head_cf54660512/cargo_clippy_workspace.log`
docs/blue_brain_audit_baseline_map_v1.md:78:- `out/blue_brain_audit_baseline_2026-05-12_head_cf54660512/consistency_checks.log`
docs/blue_brain_audit_baseline_map_v1.md:79:- `out/blue_brain_audit_baseline_2026-05-12_head_cf54660512/audit_anchor_summary.md`
docs/blue_brain_audit_baseline_map_v1.md:83:Die beiden aktuellen Gate-Reports (`out/gate_report.json` und `out/blue_brain_audit_baseline_2026-05-12_head_cf54660512/gate_report.json`) tragen `code_version_tag = cf54660512118d5071585d85572a5a0d9e72fe81`.
docs/blue_brain_audit_baseline_map_v1.md:91:- `out/blue_brain_audit_baseline_2026-05-09_head_*` und `out/blue_brain_audit_baseline_2026-05-10_head_e68d6940fb/` bleiben frühere HEAD-qualifizierte Evidence; maßgeblich ist `out/blue_brain_audit_baseline_2026-05-12_head_cf54660512/`.
docs/blue_brain_audit_baseline_map_v1.md:110:Die aktuelle Evidence-/Baseline-Abschlussnotiz liegt unter `docs/blue_brain_finale_maintenance_convergence_evidence_sync_2026_05_12.md`; die vorherigen Baseline-Anker `docs/blue_brain_maintenance_consolidation_refresh_2026_05_10.md` und `docs/blue_brain_final_evidence_baseline_refresh_2026_05_09.md` bleiben historisch. Der aktuelle Refresh bestätigt den Status **clean maintenance-ready baseline** auf HEAD `cf54660512118d5071585d85572a5a0d9e72fe81`.
docs/blue_brain_maintenance_discoverability_map_v1.md:43:- `docs/blue_brain_finale_maintenance_convergence_evidence_sync_2026_05_12.md` — current HEAD evidence-sync closure note.
docs/blue_brain_maintenance_discoverability_map_v1.md:50:- `out/blue_brain_audit_baseline_2026-05-12_head_cf54660512/` — current Blue-Brain clean maintenance-ready baseline evidence bundle on HEAD `cf54660512118d5071585d85572a5a0d9e72fe81`.
exit_status: 0
PASS: consistency pointer check
