warning: /workspace/UCF/Cargo.toml: unused manifest key: workspace.features
   Compiling cc v1.2.49
   Compiling getrandom v0.3.4
   Compiling tempfile v3.23.0
   Compiling blake3 v1.8.2
   Compiling ucf-protocol v0.1.0 (/workspace/UCF/protocol/crates/ucf-protocol)
   Compiling ucf-core v0.1.0 (/workspace/UCF/core/ucf-core)
   Compiling ucf-frames v0.1.0 (/workspace/UCF/domains/ucf-frames)
   Compiling ucf-brainbus v0.1.0 (/workspace/UCF/domains/ucf-brainbus)
   Compiling ucf-biophys v0.1.0 (/workspace/UCF/domains/ucf-biophys)
   Compiling ucf-types v0.1.0 (/workspace/UCF/core/crates/ucf-types)
   Compiling ucf-onn v0.1.0 (/workspace/UCF/core/crates/ucf-onn)
   Compiling ucf-spikebus v0.1.0 (/workspace/UCF/core/crates/ucf-spikebus)
   Compiling ucf-coupling v0.1.0 (/workspace/UCF/core/crates/ucf-coupling)
   Compiling ucf-commit v0.1.0 (/workspace/UCF/core/crates/ucf-commit)
   Compiling ucf-ncde v0.1.0 (/workspace/UCF/core/crates/ucf-ncde)
   Compiling ucf-ssm v0.1.0 (/workspace/UCF/core/crates/ucf-ssm)
   Compiling ucf-sandbox v0.1.0 (/workspace/UCF/core/crates/ucf-sandbox)
   Compiling ucf-structural-store v0.1.0 (/workspace/UCF/core/crates/ucf-structural-store)
   Compiling ucf-influence v0.1.0 (/workspace/UCF/core/crates/ucf-influence)
   Compiling ucf-policy-ecology v0.1.0 (/workspace/UCF/core/crates/ucf-policy-ecology)
   Compiling ucf-cde-scm v0.1.0 (/workspace/UCF/domains/causal/crates/ucf-cde-scm)
   Compiling ucf-fold v0.1.0 (/workspace/UCF/core/crates/ucf-fold)
   Compiling ucf-evidence v0.1.0 (/workspace/UCF/core/crates/ucf-evidence)
   Compiling ucf-nsr v0.1.0 (/workspace/UCF/core/crates/ucf-nsr)
   Compiling ucf-archive v0.1.0 (/workspace/UCF/domains/archive/crates/ucf-archive)
   Compiling ucf-openevolve-port v0.1.0 (/workspace/UCF/core/crates/ucf-openevolve-port)
   Compiling ucf-predictive-coding v0.1.0 (/workspace/UCF/core/crates/ucf-predictive-coding)
   Compiling ucf-params-registry v0.1.0 (/workspace/UCF/core/crates/ucf-params-registry)
   Compiling ucf-archive-store v0.1.0 (/workspace/UCF/domains/archive/crates/ucf-archive-store)
   Compiling ucf-bus v0.1.0 (/workspace/UCF/core/crates/ucf-bus)
   Compiling ucf-rsa v0.1.0 (/workspace/UCF/core/crates/ucf-rsa)
   Compiling ucf-recursion-controller v0.1.0 (/workspace/UCF/core/crates/ucf-recursion-controller)
   Compiling ucf-sleep-coordinator v0.1.0 (/workspace/UCF/core/crates/ucf-sleep-coordinator)
   Compiling ucf-nsr-port v0.1.0 (/workspace/UCF/core/crates/ucf-nsr-port)
   Compiling ucf-cde-port v0.1.0 (/workspace/UCF/core/crates/ucf-cde-port)
   Compiling ucf-ess v0.1.0 (/workspace/UCF/domains/ucf-ess)
   Compiling ucf-scm-port v0.1.0 (/workspace/UCF/core/crates/ucf-scm-port)
   Compiling ucf-geist v0.1.0 (/workspace/UCF/domains/geist/crates/ucf-geist)
   Compiling ucf-tom-port v0.1.0 (/workspace/UCF/core/crates/ucf-tom-port)
   Compiling ucf-ism v0.1.0 (/workspace/UCF/core/crates/ucf-ism)
   Compiling ucf-consistency-engine v0.1.0 (/workspace/UCF/core/crates/ucf-consistency-engine)
   Compiling ucf-risk-gate v0.1.0 (/workspace/UCF/core/crates/ucf-risk-gate)
   Compiling ucf-output-router v0.1.0 (/workspace/UCF/core/crates/ucf-output-router)
   Compiling ucf-attn-controller v0.1.0 (/workspace/UCF/core/crates/ucf-attn-controller)
   Compiling ucf-iit v0.1.0 (/workspace/UCF/core/crates/ucf-iit)
   Compiling ucf-bluebrain-bridge v0.1.0 (/workspace/UCF/domains/ucf-bluebrain-bridge)
   Compiling ucf-workspace v0.1.0 (/workspace/UCF/core/crates/ucf-workspace)
   Compiling ucf-compute v0.1.0 (/workspace/UCF/runtime/ucf-compute)
   Compiling ucf-sle v0.1.0 (/workspace/UCF/core/crates/ucf-sle)
   Compiling ucf-policy v0.1.0 (/workspace/UCF/runtime/ucf-policy)
   Compiling ucf-neuromod v0.1.0 (/workspace/UCF/domains/ucf-neuromod)
   Compiling ucf-cde v0.1.0 (/workspace/UCF/core/crates/ucf-cde)
   Compiling ucf-snn v0.1.0 (/workspace/UCF/domains/ucf-snn)
   Compiling ucf-tcf v0.1.0 (/workspace/UCF/core/crates/ucf-tcf)
   Compiling ucf-fep v0.1.0 (/workspace/UCF/domains/ucf-fep)
   Compiling ucf-runtime v0.1.0 (/workspace/UCF/runtime/ucf-runtime)
   Compiling ucf-replay v0.1.0 (/workspace/UCF/runtime/ucf-replay)
   Compiling ucf-ops v0.1.0 (/workspace/UCF/runtime/ucf-ops)
    Finished `dev` profile [unoptimized + debuginfo] target(s) in 3m 01s
     Running `target/debug/ucf-ops docs lint --strict --out out/blue_brain_audit_baseline_2026-05-02/docs_lint_report.json`
[PASS] spec_snapshot :: docs/spec_snapshot.md is up-to-date
[PASS] policy_packs :: policy graph valid (schema=1 digest=685156b448e6e6772af6c6dcad215db1ed0ffaeb8feffd0a43e3419b768ef254)
[PASS] prompt_series_index :: 132 prompt IDs validated
[PASS] module_map :: module_map crate entries match cargo metadata
[PASS] hardware_neutral_docs :: no hardware-specific terms detected in guarded docs
[PASS] v3_docs_consistency :: v3 docs are present and linked from portability/strict/index snapshots
[PASS] v4_docs_consistency :: v4 docs are present and linked from portability/docs checks/index snapshots
[PASS] v5_docs_consistency :: v5 docs are present and linked from portability/docs checks
[PASS] v6_docs_consistency :: v6 docs are present and linked from portability/docs checks
[PASS] v7_docs_consistency :: v7 docs are present and linked from portability/docs checks
[PASS] v8_docs_consistency :: v8 docs are present and linked from portability/docs checks
[PASS] v9_docs_consistency :: v9 docs are present and linked from portability/docs checks
[PASS] v10_docs_consistency :: v10 docs are present and linked from portability/docs checks
[PASS] v11_docs_consistency :: v11 docs are present and linked from portability/docs checks
[PASS] v12_docs_consistency :: v12 docs are present and linked from portability/docs checks
[PASS] v13_docs_consistency :: v13 docs are present and linked from portability/docs checks
[PASS] v14_docs_consistency :: v14 docs are present and linked from portability/docs checks
[PASS] v15_docs_consistency :: v15 docs are present and linked from portability/docs checks
[PASS] v16_docs_consistency :: v16 docs are present and linked from portability/docs checks
[PASS] v17_docs_consistency :: v17 docs are present and linked from portability/docs checks
[PASS] v18_docs_consistency :: v18 docs are present and linked from portability/docs checks
[PASS] v19_docs_consistency :: v19 docs are present and linked from portability/docs checks
[PASS] v20_docs_consistency :: v20 docs are present and linked from portability/docs checks
[PASS] remediation_registry_doc :: docs/remediation_codes_v1.md is up-to-date
[PASS] artifact_schema_snapshots :: artifact schema snapshots are up-to-date (123 artifacts)
overall=PASS
report=out/blue_brain_audit_baseline_2026-05-02/docs_lint_report.json
